sil
AH
sp
N
D
DH
DH+IH
IH
S
L
L+IH
T
T+AH
W
W+AY
AY
D+AO
AO
G
K
K+AO
M
M+AW
AW
IY
W+AA
AA
Z
T+EY
EY
NG
HH
HH+AE
AE
F
DH+AH
S+IH
T+IY
D+AA
R
B
B+IH
Z+AH
V
V+AH
P
P+AW
ER
S+AY
N+AW
T+EH
EH
R+AH
F+AY
D+AH
S+OW
OW
T+UW
UW
K+AE
R+IY
HH+IH
M+AH
D+AW
F+ER
F+AO
W+AO
DH+EH
R+IH
B+AE
K+AH
P+AY
Z+AO
HH+AO
G+AE
L+AH
B+AA
T+ER
S+EH
TH
L+AO
R+EH
V+ER
D+EY
R+UW
HH+OW
T+AO
CH
W+IY
M+AY
N+IH
B+AY
W+ER
L+AE
SH
L+AY
SH+AW
L+AA
R+AE
CH+AH
JH
JH+IH
B+AH
DH+IY
N+AA
M+EY
JH+ER
Y
Y+AH
P+EY
SH+AH
JH+AH
T+AE
T+IH
M+IY
B+IY
P+ER
S+AH
N+AE
F+EY
W+IH
CH+AA
JH+UW
P+AH
D+IH
V+AY
T+AA
R+AA
P+EH
D+ER
B+EH
CH+IH
B+EY
K+ER
SH+AA
P+OY
OY
L+IY
W+AH
V+IH
R+EY
P+IY
T+UH
UH
M+AE
N+AH
D+AE
N+UW
F+OW
L+EH
S+AA
N+EY
CH+ER
DH+AE
R+AO
NG+ER
N+AO
L+AW
JH+IY
Y+EH
HH+IY
B+AW
D+AY
TH+IH
R+AY
Y+UW
S+AE
D+IY
T+AW
N+EH
F+UW
SH+EH
F+AE
N+OW
G+ER
Z+IH
P+AA
V+AW
D+EH
T+AY
Z+AY
M+IH
F+AH
F+IH
K+AA
B+OW
P+IH
TH+AW
G+EH
M+AO
N+IY
S+IY
Z+AE
W+EH
Y+IH
M+OW
Z+AA
CH+AE
B+UH
K+IH
HH+AA
HH+AW
L+EY
CH+EY
JH+AW
M+EH
NG+AA
Z+AW
P+AE
F+UH
L+OW
Z+EH
R+OW
ZH
ZH+AH
W+UH
K+OW
P+AO
R+AW
ZH+ER
L+ER
G+IH
JH+EH
N+ER
HH+EH
K+EY
S+EY
G+OW
D+UW
TH+AH
S+ER
M+UW
DH+EY
F+EH
V+EY
Z+ER
NG+EH
W+EY
F+AA
M+AA
DH+ER
Y+AO
JH+AA
M+ER
K+AY
S+AO
NG+AH
Z+OW
SH+UW
L+UW
Y+ER
V+EH
NG+AE
TH+ER
DH+OW
B+ER
P+OW
CH+OY
R+ER
N+AY
SH+AE
HH+UW
T+OY
B+AO
CH+AY
HH+UH
K+UW
K+UH
HH+AY
V+IY
F+IY
SH+OW
L+UH
NG+IH
JH+AO
S+AW
V+AA
JH+OY
SH+IY
F+AW
HH+ER
T+OW
K+EH
Y+OW
G+AH
SH+AO
D+OW
G+AA
SH+IH
V+AO
W+OW
Z+IY
V+AE
HH+AH
SH+UH
TH+AO
G+UH
ZH+UW
CH+UW
K+OY
JH+UH
Z+EY
K+AW
B+UW
Y+UH
K+IY
CH+OW
G+EY
NG+AW
ZH+IH
P+UH
S+UW
G+AO
CH+EH
B+OY
G+AY
SH+EY
V+OY
N+OY
TH+IY
DH+AA
Z+OY
TH+OW
Y+AE
G+OY
CH+IY
NG+AO
CH+AW
V+OW
TH+EH
L+OY
Z+UW
NG+EY
CH+AO
NG+AY
JH+AE
P+UW
HH+EY
DH+AY
N+UH
Y+IY
JH+EY
TH+AY
D+UH
NG+IY
TH+AE
SH+ER
ZH+AA
JH+AY
V+UW
W+AW
F+OY
R+UH
SH+AY
TH+EY
NG+OW
DH+AO
CH+UH
M+UH
G+UW
S+OY
TH+AA
JH+OW
R+OY
M+OY
Y+AA
G+IY
ZH+IY
W+AE
D+OY
HH+OY
W+OY
DH+AW
W+UW
G+AW
TH+UW
Y+EY
aa
ah
ao
aw
ay
b+aa
b+ah
b+ao
b+aw
b+ay
b+ey
b+ih
b+iy
b+uw
b+y
c+aa
c+ah
c+ao
c+aw
c+ay
c+if
c+ow
c+uw
ch+aa
ch+ah
ch+ao
ch+aw
ch+ay
ch+ib
ch+ow
ch+uw
d+aa
d+ah
d+ao
d+aw
d+ay
d+ey
d+ih
d+iy
d+ow
d+uw
d+y
eh
er
ey
f+aa
f+ah
f+ao
f+aw
f+ay
f+ey
f+ow
f+uw
g+aa
g+ah
g+ao
g+aw
g+ay
g+ey
g+ow
g+uw
ga
ge
ger
go
h+aa
h+ah
h+ao
h+aw
h+ay
h+ey
h+ow
h+uw
ib
if
ih
iy
j+ey
j+ih
j+iy
j+uw
j+v
j+y
k+aa
k+ah
k+ao
k+aw
k+ay
k+ey
k+ow
k+uw
k+y
l+aa
l+ah
l+ao
l+aw
l+ay
l+ey
l+ih
l+iy
l+ow
l+uw
l+v
l+y
m+aa
m+ah
m+ao
m+aw
m+ay
m+ey
m+ih
m+iy
m+ow
m+uw
m+y
n
n+aa
n+ah
n+ao
n+aw
n+ay
n+ey
n+ih
n+iy
n+ow
n+uw
n+v
n+y
ng
ow
p+aa
p+ah
p+ao
p+aw
p+ay
p+ey
p+ih
p+iy
p+ow
p+uw
p+y
q+ih
q+iy
q+uw
q+v
q+y
r+aa
r+ah
r+ao
r+aw
r+ey
r+ib
r+ow
r+uw
s+aa
s+ah
s+ao
s+aw
s+ay
s+ey
s+if
s+iy
s+ow
s+uw
sh+aa
sh+ah
sh+aw
sh+ay
sh+ey
sh+ib
sh+iy
sh+ow
sh+uw
sil
t+aa
t+ah
t+ao
t+aw
t+ay
t+ih
t+iy
t+ow
t+uw
t+y
uw
v
w
x+ih
x+iy
x+uw
x+v
x+y
y
z+aa
z+ah
z+ao
z+aw
z+ay
z+ey
z+if
z+iy
z+ow
z+uw
zh+aa
zh+ah
zh+ao
zh+aw
zh+ay
zh+ey
zh+ib
zh+iy
zh+ow
zh+uw
